[275月2026 19:10:29.927] [main/INFO] [cpw.mods.modlauncher.Launcher/MODLAUNCHER]: ModLauncher running: args [--launchTarget, forgeclientuserdev, --version, 21.1.93, --assetIndex, 17, --assetsDir, C:\\Users\\ASUS\\.gradle\\caches\\neoformruntime\\assets, --gameDir, ., --fml.neoForgeVersion, 21.1.93, --fml.fmlVersion, 4.0.34, --fml.mcVersion, 1.21.1, --fml.neoFormVersion, 20240808.144430]
[275月2026 19:10:29.930] [main/INFO] [cpw.mods.modlauncher.Launcher/MODLAUNCHER]: JVM identified as Oracle Corporation Java HotSpot(TM) 64-Bit Server VM 21.0.8+12-LTS-250
[275月2026 19:10:29.931] [main/INFO] [cpw.mods.modlauncher.Launcher/MODLAUNCHER]: ModLauncher 11.0.4+main.d2e20e43 starting: java version 21.0.8 by Oracle Corporation; OS Windows 11 arch amd64 version 10.0
[275月2026 19:10:30.095] [main/INFO] [net.neoforged.fml.loading.ImmediateWindowHandler/]: Loading ImmediateWindowProvider fmlearlywindow
[275月2026 19:10:30.234] [main/INFO] [EARLYDISPLAY/]: Trying GL version 4.6
[275月2026 19:10:30.395] [main/INFO] [EARLYDISPLAY/]: Requested GL version 4.6 got version 4.6
[275月2026 19:10:30.468] [main/INFO] [mixin/]: SpongePowered MIXIN Subsystem Version=0.8.7 Source=union:/C:/Users/ASUS/.gradle/caches/modules-2/files-2.1/net.fabricmc/sponge-mixin/0.15.2+mixin.0.8.7/2af2f021d8e02a0220dc27a7a72b4666d66d44ca/sponge-mixin-0.15.2+mixin.0.8.7.jar%23131!/ Service=ModLauncher Env=CLIENT
[275月2026 19:10:30.648] [main/WARN] [net.neoforged.fml.loading.moddiscovery.ModDiscoverer/SCAN]: Skipping jar. File D:\work\minecraft-mods\YourAmmoCrafterMod\run\client\mods\[永恒枪械工坊：零] tacz-1.20.1-1.1.8-release.jar is for Minecraft Forge or an older version of NeoForge, and cannot be loaded
[275月2026 19:10:30.662] [pool-2-thread-1/INFO] [EARLYDISPLAY/]: GL info: NVIDIA GeForce RTX 5060 Laptop GPU/PCIe/SSE2 GL version 4.6.0 NVIDIA 595.97, NVIDIA Corporation
[275月2026 19:10:30.876] [main/INFO] [net.neoforged.fml.loading.moddiscovery.locators.JarInJarDependencyLocator/]: Found 8 dependencies adding them to mods collection
[275月2026 19:10:30.879] [main/INFO] [net.neoforged.fml.loading.moddiscovery.ModDiscoverer/]: 
     Mod List:
		Name Version (Mod Id)

		Minecraft 1.21.1 (minecraft)
		NeoForge 21.1.93 (neoforge)
		SimpleBedrockModel 2.2.1-neoforge+mc1.21.1 (simplebedrockmodel)
		Timeless & Classics Guns: Zero 1.1.8-r2 (tacz)
		Your Ammo Crafter Mod 0.1.0 (yourammocrafter)
[275月2026 19:10:31.860] [main/INFO] [mixin/]: Compatibility level set to JAVA_17
[275月2026 19:10:31.868] [main/INFO] [cpw.mods.modlauncher.LaunchServiceHandler/MODLAUNCHER]: Launching target 'forgeclientuserdev' with arguments [--version, 21.1.93, --gameDir, ., --assetsDir, C:\Users\ASUS\.gradle\caches\neoformruntime\assets, --assetIndex, 17]
[275月2026 19:10:31.962] [main/WARN] [mixin/]: Reference map 'tacz.refmap.json' for tacz.mixins.json could not be read. If this is a development environment you can ignore this message
[275月2026 19:10:31.974] [main/WARN] [mixin/]: Reference map 'tacz.refmap.json' for tacz.compat.acceleratedrendering.mixins.json could not be read. If this is a development environment you can ignore this message
[275月2026 19:10:31.974] [main/WARN] [mixin/]: Reference map 'simplebedrockmodel.refmap.json' for simplebedrockmodel.mixins.json could not be read. If this is a development environment you can ignore this message
[275月2026 19:10:32.154] [main/WARN] [mixin/]: Error loading class: com/mrcrayfish/controllable/client/binding/context/BindingContext (java.lang.ClassNotFoundException: com.mrcrayfish.controllable.client.binding.context.BindingContext)
[275月2026 19:10:34.098] [Datafixer Bootstrap/INFO] [com.mojang.datafixers.DataFixerBuilder/]: 229 Datafixer optimizations took 356 milliseconds
[275月2026 19:10:34.460] [pool-9-thread-1/INFO] [MixinExtras|Service/]: Initializing MixinExtras via com.llamalad7.mixinextras.service.MixinExtrasServiceImpl(version=0.4.1).
[275月2026 19:10:39.267] [main/WARN] [net.minecraft.commands.Commands/]: Ambiguity between arguments [teleport, location] and [teleport, destination] with inputs: [0.1 -0.5 .9, 0 0 0]
[275月2026 19:10:39.268] [main/WARN] [net.minecraft.commands.Commands/]: Ambiguity between arguments [teleport, location] and [teleport, targets] with inputs: [0.1 -0.5 .9, 0 0 0]
[275月2026 19:10:39.274] [main/WARN] [net.minecraft.commands.Commands/]: Ambiguity between arguments [teleport, destination] and [teleport, targets] with inputs: [Player, 0123, @e, dd12be42-52a9-4a91-a8a1-11c01849e498]
[275月2026 19:10:39.274] [main/WARN] [net.minecraft.commands.Commands/]: Ambiguity between arguments [teleport, targets] and [teleport, destination] with inputs: [Player, 0123, dd12be42-52a9-4a91-a8a1-11c01849e498]
[275月2026 19:10:39.275] [main/WARN] [net.minecraft.commands.Commands/]: Ambiguity between arguments [teleport, targets, location] and [teleport, targets, destination] with inputs: [0.1 -0.5 .9, 0 0 0]
[275月2026 19:10:39.478] [Render thread/WARN] [net.minecraft.server.packs.VanillaPackResourcesBuilder/]: Assets URL 'union:/D:/work/minecraft-mods/YourAmmoCrafterMod/build/moddev/artifacts/neoforge-21.1.93.jar%23185!/assets/.mcassetsroot' uses unexpected schema
[275月2026 19:10:39.479] [Render thread/WARN] [net.minecraft.server.packs.VanillaPackResourcesBuilder/]: Assets URL 'union:/D:/work/minecraft-mods/YourAmmoCrafterMod/build/moddev/artifacts/neoforge-21.1.93.jar%23185!/data/.mcassetsroot' uses unexpected schema
[275月2026 19:10:39.541] [Render thread/INFO] [com.mojang.authlib.yggdrasil.YggdrasilAuthenticationService/]: Environment: Environment[sessionHost=https://sessionserver.mojang.com, servicesHost=https://api.minecraftservices.com, name=PROD]
[275月2026 19:10:39.558] [Render thread/INFO] [net.minecraft.client.Minecraft/]: Setting user: Dev
[275月2026 19:10:39.659] [Render thread/INFO] [net.minecraft.client.Minecraft/]: Backend library: LWJGL version 3.3.3+5
[275月2026 19:10:40.043] [modloading-worker-0/INFO] [net.neoforged.neoforge.common.NeoForgeMod/NEOFORGE-MOD]: NeoForge mod loading, version 21.1.93, for MC 1.21.1
[275月2026 19:10:40.589] [Render thread/INFO] [tacz/GunPackFinder]: Start scanning for gun packs in D:\work\minecraft-mods\YourAmmoCrafterMod\run\client\tacz
[275月2026 19:10:40.598] [Render thread/INFO] [tacz/GunPackFinder]: - tacz_default_gun, Main namespace: tacz
[275月2026 19:10:40.598] [Render thread/INFO] [tacz/GunPackFinder]: Found 1 possible gunpack(s) and added them to resource set.
[275月2026 19:10:40.957] [Render thread/INFO] [net.neoforged.neoforge.gametest.GameTestHooks/]: Enabled Gametest Namespaces: []
[275月2026 19:10:41.241] [Render thread/INFO] [net.minecraft.server.packs.resources.ReloadableResourceManager/]: Reloading ResourceManager: tacz_resources, vanilla, mod_resources, mod/tacz, mod/yourammocrafter, mod/simplebedrockmodel, mod/neoforge
[275月2026 19:10:41.446] [Worker-Main-13/INFO] [net.minecraft.client.gui.font.providers.UnihexProvider/]: Found unifont_all_no_pua-15.1.05.hex, loading
[275月2026 19:10:41.518] [Worker-Main-17/INFO] [net.minecraft.client.gui.font.providers.UnihexProvider/]: Found unifont_jp_patch-15.1.05.hex, loading
[275月2026 19:10:41.536] [Render thread/INFO] [tacz/SYNCED_ENTITY_DATA_TAC_COPY]: Registered synced data key tacz:shoot_cool_down for minecraft:living_entity
[275月2026 19:10:41.536] [Render thread/INFO] [tacz/SYNCED_ENTITY_DATA_TAC_COPY]: Registered synced data key tacz:melee_cool_down for minecraft:living_entity
[275月2026 19:10:41.536] [Render thread/INFO] [tacz/SYNCED_ENTITY_DATA_TAC_COPY]: Registered synced data key tacz:reload_state for minecraft:living_entity
[275月2026 19:10:41.537] [Render thread/INFO] [tacz/SYNCED_ENTITY_DATA_TAC_COPY]: Registered synced data key tacz:aiming_progress for minecraft:living_entity
[275月2026 19:10:41.537] [Render thread/INFO] [tacz/SYNCED_ENTITY_DATA_TAC_COPY]: Registered synced data key tacz:draw_cool_down for minecraft:living_entity
[275月2026 19:10:41.537] [Render thread/INFO] [tacz/SYNCED_ENTITY_DATA_TAC_COPY]: Registered synced data key tacz:is_aiming for minecraft:living_entity
[275月2026 19:10:41.537] [Render thread/INFO] [tacz/SYNCED_ENTITY_DATA_TAC_COPY]: Registered synced data key tacz:sprint_time for minecraft:living_entity
[275月2026 19:10:41.537] [Render thread/INFO] [tacz/SYNCED_ENTITY_DATA_TAC_COPY]: Registered synced data key tacz:is_bolting for minecraft:living_entity
[275月2026 19:10:41.537] [Render thread/INFO] [tacz/SYNCED_ENTITY_DATA_TAC_COPY]: Registered synced data key tacz:throwable_using for minecraft:living_entity
[275月2026 19:10:43.017] [Render thread/WARN] [net.minecraft.client.sounds.SoundEngine/]: Missing sound for event: minecraft:item.goat_horn.play
[275月2026 19:10:43.017] [Render thread/WARN] [net.minecraft.client.sounds.SoundEngine/]: Missing sound for event: minecraft:entity.goat.screaming.horn_break
[275月2026 19:10:43.317] [Render thread/INFO] [com.mojang.blaze3d.audio.Library/]: OpenAL initialized on device OpenAL Soft on 耳机 (EDIFIER FitBuds Pro)
[275月2026 19:10:43.319] [Render thread/INFO] [net.minecraft.client.sounds.SoundEngine/SOUNDS]: Sound engine started
[275月2026 19:10:43.378] [Render thread/INFO] [net.minecraft.client.renderer.texture.TextureAtlas/]: Created: 1024x1024x4 minecraft:textures/atlas/blocks.png-atlas
[275月2026 19:10:43.483] [Render thread/INFO] [net.minecraft.client.renderer.texture.TextureAtlas/]: Created: 256x256x4 minecraft:textures/atlas/signs.png-atlas
[275月2026 19:10:43.484] [Render thread/INFO] [net.minecraft.client.renderer.texture.TextureAtlas/]: Created: 512x512x4 minecraft:textures/atlas/shield_patterns.png-atlas
[275月2026 19:10:43.485] [Render thread/INFO] [net.minecraft.client.renderer.texture.TextureAtlas/]: Created: 512x512x4 minecraft:textures/atlas/banner_patterns.png-atlas
[275月2026 19:10:43.486] [Render thread/INFO] [net.minecraft.client.renderer.texture.TextureAtlas/]: Created: 1024x1024x4 minecraft:textures/atlas/armor_trims.png-atlas
[275月2026 19:10:43.487] [Render thread/INFO] [net.minecraft.client.renderer.texture.TextureAtlas/]: Created: 128x64x4 minecraft:textures/atlas/decorated_pot.png-atlas
[275月2026 19:10:43.488] [Render thread/INFO] [net.minecraft.client.renderer.texture.TextureAtlas/]: Created: 256x256x4 minecraft:textures/atlas/chest.png-atlas
[275月2026 19:10:43.488] [Render thread/INFO] [net.minecraft.client.renderer.texture.TextureAtlas/]: Created: 512x256x4 minecraft:textures/atlas/shulker_boxes.png-atlas
[275月2026 19:10:43.488] [Render thread/INFO] [net.minecraft.client.renderer.texture.TextureAtlas/]: Created: 512x256x4 minecraft:textures/atlas/beds.png-atlas
[275月2026 19:10:43.565] [Render thread/INFO] [net.minecraft.client.renderer.texture.TextureAtlas/]: Created: 512x256x0 minecraft:textures/atlas/particles.png-atlas
[275月2026 19:10:43.567] [Render thread/INFO] [net.minecraft.client.renderer.texture.TextureAtlas/]: Created: 512x256x0 minecraft:textures/atlas/paintings.png-atlas
[275月2026 19:10:43.567] [Render thread/INFO] [net.minecraft.client.renderer.texture.TextureAtlas/]: Created: 256x128x0 minecraft:textures/atlas/mob_effects.png-atlas
[275月2026 19:10:43.568] [Render thread/INFO] [net.minecraft.client.renderer.texture.TextureAtlas/]: Created: 64x64x0 minecraft:textures/atlas/map_decorations.png-atlas
[275月2026 19:10:43.568] [Render thread/INFO] [net.minecraft.client.renderer.texture.TextureAtlas/]: Created: 1024x512x0 minecraft:textures/atlas/gui.png-atlas
[275月2026 19:10:43.594] [Render thread/WARN] [net.minecraft.client.renderer.ShaderInstance/]: Shader rendertype_entity_translucent_emissive could not find sampler named Sampler2 in the specified shader program.
[275月2026 19:10:45.023] [Render thread/INFO] [net.neoforged.neoforge.client.entity.animation.json.AnimationLoader/]: Loaded 0 entity animations
[275月2026 19:10:50.675] [Render thread/INFO] [tacz/GunPackFinder]: Start scanning for gun packs in D:\work\minecraft-mods\YourAmmoCrafterMod\run\client\tacz
[275月2026 19:10:50.676] [Render thread/INFO] [tacz/GunPackFinder]: - tacz_default_gun, Main namespace: tacz
[275月2026 19:10:50.676] [Render thread/INFO] [tacz/GunPackFinder]: Found 1 possible gunpack(s) and added them to resource set.
[275月2026 19:10:51.474] [Render thread/INFO] [net.minecraft.world.item.crafting.RecipeManager/]: Loaded 1473 recipes
[275月2026 19:10:51.766] [Render thread/INFO] [net.minecraft.advancements.AdvancementTree/]: Loaded 1399 advancements
[275月2026 19:10:51.776] [Render thread/INFO] [com.yourammocrafter.crafting.AmmoCraftingRuleReloadListener/]: Loaded 3 ammo crafting rules: [tacz:45acp, tacz:556x45, tacz:762x39]
[275月2026 19:10:52.506] [Server thread/INFO] [net.minecraft.client.server.IntegratedServer/]: Starting integrated minecraft server version 1.21.1
[275月2026 19:10:52.506] [Server thread/INFO] [net.minecraft.server.MinecraftServer/]: Generating keypair
[275月2026 19:10:52.848] [Server thread/INFO] [net.minecraft.server.MinecraftServer/]: Preparing start region for dimension minecraft:overworld
[275月2026 19:10:53.042] [progressListener/INFO] [net.minecraft.server.level.progress.LoggerChunkProgressListener/]: 准备生成区域中：0%
[275月2026 19:10:53.129] [Server thread/INFO] [net.neoforged.neoforge.server.permission.PermissionAPI/]: Successfully initialized permission handler neoforge:default_handler
[275月2026 19:10:53.143] [progressListener/INFO] [net.minecraft.server.level.progress.LoggerChunkProgressListener/]: Time elapsed: 285 ms
[275月2026 19:10:53.181] [Server thread/INFO] [net.minecraft.client.server.IntegratedServer/]: Changing view distance to 12, from 10
[275月2026 19:10:53.181] [Server thread/INFO] [net.minecraft.client.server.IntegratedServer/]: Changing simulation distance to 12, from 0
[275月2026 19:10:53.653] [Render thread/INFO] [tacz/GunPackFinder]: Start scanning for gun packs in D:\work\minecraft-mods\YourAmmoCrafterMod\run\client\tacz
[275月2026 19:10:53.654] [Render thread/INFO] [tacz/GunPackFinder]: - tacz_default_gun, Main namespace: tacz
[275月2026 19:10:53.654] [Render thread/INFO] [tacz/GunPackFinder]: Found 1 possible gunpack(s) and added them to resource set.
[275月2026 19:10:53.943] [Server thread/INFO] [net.minecraft.server.players.PlayerList/]: Dev[local:E:82ca7682] logged in with entity id 10 at (12.81066452199214, -60.0, -3.4676901026937577)
[275月2026 19:10:54.046] [Server thread/INFO] [net.minecraft.server.MinecraftServer/]: Dev加入了游戏
[275月2026 19:10:54.537] [Render thread/INFO] [net.minecraft.advancements.AdvancementTree/]: Loaded 23 advancements
[275月2026 19:10:59.078] [Server thread/INFO] [tacz/GunPackFinder]: Start scanning for gun packs in D:\work\minecraft-mods\YourAmmoCrafterMod\run\client\tacz
[275月2026 19:10:59.078] [Server thread/INFO] [tacz/GunPackFinder]: - tacz_default_gun, Main namespace: tacz
[275月2026 19:10:59.078] [Server thread/INFO] [tacz/GunPackFinder]: Found 1 possible gunpack(s) and added them to resource set.
[275月2026 19:10:59.081] [Server thread/INFO] [net.minecraft.server.MinecraftServer/]: [Dev: 重新加载中！]
[275月2026 19:10:59.083] [Render thread/INFO] [net.minecraft.client.gui.components.ChatComponent/]: [System] [CHAT] 重新加载中！
[275月2026 19:10:59.223] [Server thread/INFO] [net.minecraft.world.item.crafting.RecipeManager/]: Loaded 1473 recipes
[275月2026 19:10:59.253] [Server thread/INFO] [net.minecraft.advancements.AdvancementTree/]: Loaded 1399 advancements
[275月2026 19:10:59.255] [Server thread/INFO] [com.yourammocrafter.crafting.AmmoCraftingRuleReloadListener/]: Loaded 3 ammo crafting rules: [tacz:45acp, tacz:556x45, tacz:762x39]
[275月2026 19:10:59.540] [Render thread/INFO] [net.minecraft.advancements.AdvancementTree/]: Loaded 23 advancements
[275月2026 19:11:12.387] [Server thread/INFO] [com.yourammocrafter.blockentity.AmmoCrafterBlockEntity/]: Ammo crafter missing ingredients at BlockPos{x=11, y=-60, z=-2} missing=[minecraft:barrier found=0 required=15, minecraft:barrier found=0 required=3] inputSlots=[0=minecraft:copper_ingotx64, 1=minecraft:copper_ingotx64, 2=minecraft:copper_ingotx64, 3=minecraft:gunpowderx64, 4=minecraft:gunpowderx64, 5=minecraft:gunpowderx64]
[275月2026 19:11:12.387] [Server thread/INFO] [com.yourammocrafter.blockentity.AmmoCrafterBlockEntity/]: Ammo crafter craft attempt at BlockPos{x=11, y=-60, z=-2} ammoId=tacz:556x45 loadedRuleCount=3 loadedAmmoIds=[tacz:45acp, tacz:556x45, tacz:762x39] foundRule=true outputCount=45 outputEmpty=false ingredientsSufficient=false outputCanFit=true result=missing_ingredients
[275月2026 19:11:12.883] [Server thread/INFO] [com.yourammocrafter.blockentity.AmmoCrafterBlockEntity/]: Ammo crafter missing ingredients at BlockPos{x=11, y=-60, z=-2} missing=[minecraft:barrier found=0 required=15, minecraft:barrier found=0 required=3] inputSlots=[0=minecraft:copper_ingotx64, 1=minecraft:copper_ingotx64, 2=minecraft:copper_ingotx64, 3=minecraft:gunpowderx64, 4=minecraft:gunpowderx64, 5=minecraft:gunpowderx64]
[275月2026 19:11:12.883] [Server thread/INFO] [com.yourammocrafter.blockentity.AmmoCrafterBlockEntity/]: Ammo crafter craft attempt at BlockPos{x=11, y=-60, z=-2} ammoId=tacz:556x45 loadedRuleCount=3 loadedAmmoIds=[tacz:45acp, tacz:556x45, tacz:762x39] foundRule=true outputCount=45 outputEmpty=false ingredientsSufficient=false outputCanFit=true result=missing_ingredients
[275月2026 19:11:13.384] [Server thread/INFO] [com.yourammocrafter.blockentity.AmmoCrafterBlockEntity/]: Ammo crafter missing ingredients at BlockPos{x=11, y=-60, z=-2} missing=[minecraft:barrier found=0 required=15, minecraft:barrier found=0 required=3] inputSlots=[0=minecraft:copper_ingotx64, 1=minecraft:copper_ingotx64, 2=minecraft:copper_ingotx64, 3=minecraft:gunpowderx64, 4=minecraft:gunpowderx64, 5=minecraft:gunpowderx64]
[275月2026 19:11:13.384] [Server thread/INFO] [com.yourammocrafter.blockentity.AmmoCrafterBlockEntity/]: Ammo crafter craft attempt at BlockPos{x=11, y=-60, z=-2} ammoId=tacz:556x45 loadedRuleCount=3 loadedAmmoIds=[tacz:45acp, tacz:556x45, tacz:762x39] foundRule=true outputCount=45 outputEmpty=false ingredientsSufficient=false outputCanFit=true result=missing_ingredients
[275月2026 19:11:13.885] [Server thread/INFO] [com.yourammocrafter.blockentity.AmmoCrafterBlockEntity/]: Ammo crafter missing ingredients at BlockPos{x=11, y=-60, z=-2} missing=[minecraft:barrier found=0 required=15, minecraft:barrier found=0 required=3] inputSlots=[0=minecraft:copper_ingotx64, 1=minecraft:copper_ingotx64, 2=minecraft:copper_ingotx64, 3=minecraft:gunpowderx64, 4=minecraft:gunpowderx64, 5=minecraft:gunpowderx64]
[275月2026 19:11:13.885] [Server thread/INFO] [com.yourammocrafter.blockentity.AmmoCrafterBlockEntity/]: Ammo crafter craft attempt at BlockPos{x=11, y=-60, z=-2} ammoId=tacz:556x45 loadedRuleCount=3 loadedAmmoIds=[tacz:45acp, tacz:556x45, tacz:762x39] foundRule=true outputCount=45 outputEmpty=false ingredientsSufficient=false outputCanFit=true result=missing_ingredients
[275月2026 19:11:14.383] [Server thread/INFO] [com.yourammocrafter.blockentity.AmmoCrafterBlockEntity/]: Ammo crafter missing ingredients at BlockPos{x=11, y=-60, z=-2} missing=[minecraft:barrier found=0 required=15, minecraft:barrier found=0 required=3] inputSlots=[0=minecraft:copper_ingotx64, 1=minecraft:copper_ingotx64, 2=minecraft:copper_ingotx64, 3=minecraft:gunpowderx64, 4=minecraft:gunpowderx64, 5=minecraft:gunpowderx64]
[275月2026 19:11:14.383] [Server thread/INFO] [com.yourammocrafter.blockentity.AmmoCrafterBlockEntity/]: Ammo crafter craft attempt at BlockPos{x=11, y=-60, z=-2} ammoId=tacz:556x45 loadedRuleCount=3 loadedAmmoIds=[tacz:45acp, tacz:556x45, tacz:762x39] foundRule=true outputCount=45 outputEmpty=false ingredientsSufficient=false outputCanFit=true result=missing_ingredients
[275月2026 19:11:14.883] [Server thread/INFO] [com.yourammocrafter.blockentity.AmmoCrafterBlockEntity/]: Ammo crafter missing ingredients at BlockPos{x=11, y=-60, z=-2} missing=[minecraft:barrier found=0 required=15, minecraft:barrier found=0 required=3] inputSlots=[0=minecraft:copper_ingotx64, 1=minecraft:copper_ingotx64, 2=minecraft:copper_ingotx64, 3=minecraft:gunpowderx64, 4=minecraft:gunpowderx64, 5=minecraft:gunpowderx64]
[275月2026 19:11:14.883] [Server thread/INFO] [com.yourammocrafter.blockentity.AmmoCrafterBlockEntity/]: Ammo crafter craft attempt at BlockPos{x=11, y=-60, z=-2} ammoId=tacz:556x45 loadedRuleCount=3 loadedAmmoIds=[tacz:45acp, tacz:556x45, tacz:762x39] foundRule=true outputCount=45 outputEmpty=false ingredientsSufficient=false outputCanFit=true result=missing_ingredients
[275月2026 19:11:15.385] [Server thread/INFO] [com.yourammocrafter.blockentity.AmmoCrafterBlockEntity/]: Ammo crafter missing ingredients at BlockPos{x=11, y=-60, z=-2} missing=[minecraft:barrier found=0 required=15, minecraft:barrier found=0 required=3] inputSlots=[0=minecraft:copper_ingotx64, 1=minecraft:copper_ingotx64, 2=minecraft:copper_ingotx64, 3=minecraft:gunpowderx64, 4=minecraft:gunpowderx64, 5=minecraft:gunpowderx64]
[275月2026 19:11:15.385] [Server thread/INFO] [com.yourammocrafter.blockentity.AmmoCrafterBlockEntity/]: Ammo crafter craft attempt at BlockPos{x=11, y=-60, z=-2} ammoId=tacz:556x45 loadedRuleCount=3 loadedAmmoIds=[tacz:45acp, tacz:556x45, tacz:762x39] foundRule=true outputCount=45 outputEmpty=false ingredientsSufficient=false outputCanFit=true result=missing_ingredients
[275月2026 19:11:15.883] [Server thread/INFO] [com.yourammocrafter.blockentity.AmmoCrafterBlockEntity/]: Ammo crafter missing ingredients at BlockPos{x=11, y=-60, z=-2} missing=[minecraft:barrier found=0 required=15, minecraft:barrier found=0 required=3] inputSlots=[0=minecraft:copper_ingotx64, 1=minecraft:copper_ingotx64, 2=minecraft:copper_ingotx64, 3=minecraft:gunpowderx64, 4=minecraft:gunpowderx64, 5=minecraft:gunpowderx64]
[275月2026 19:11:15.885] [Server thread/INFO] [com.yourammocrafter.blockentity.AmmoCrafterBlockEntity/]: Ammo crafter craft attempt at BlockPos{x=11, y=-60, z=-2} ammoId=tacz:556x45 loadedRuleCount=3 loadedAmmoIds=[tacz:45acp, tacz:556x45, tacz:762x39] foundRule=true outputCount=45 outputEmpty=false ingredientsSufficient=false outputCanFit=true result=missing_ingredients
[275月2026 19:11:16.382] [Server thread/INFO] [com.yourammocrafter.blockentity.AmmoCrafterBlockEntity/]: Ammo crafter missing ingredients at BlockPos{x=11, y=-60, z=-2} missing=[minecraft:barrier found=0 required=15, minecraft:barrier found=0 required=3] inputSlots=[0=minecraft:copper_ingotx64, 1=minecraft:copper_ingotx64, 2=minecraft:copper_ingotx64, 3=minecraft:gunpowderx64, 4=minecraft:gunpowderx64, 5=minecraft:gunpowderx64]
[275月2026 19:11:16.382] [Server thread/INFO] [com.yourammocrafter.blockentity.AmmoCrafterBlockEntity/]: Ammo crafter craft attempt at BlockPos{x=11, y=-60, z=-2} ammoId=tacz:556x45 loadedRuleCount=3 loadedAmmoIds=[tacz:45acp, tacz:556x45, tacz:762x39] foundRule=true outputCount=45 outputEmpty=false ingredientsSufficient=false outputCanFit=true result=missing_ingredients
[275月2026 19:11:16.884] [Server thread/INFO] [com.yourammocrafter.blockentity.AmmoCrafterBlockEntity/]: Ammo crafter missing ingredients at BlockPos{x=11, y=-60, z=-2} missing=[minecraft:barrier found=0 required=15, minecraft:barrier found=0 required=3] inputSlots=[0=minecraft:copper_ingotx64, 1=minecraft:copper_ingotx64, 2=minecraft:copper_ingotx64, 3=minecraft:gunpowderx64, 4=minecraft:gunpowderx64, 5=minecraft:gunpowderx64]
[275月2026 19:11:16.884] [Server thread/INFO] [com.yourammocrafter.blockentity.AmmoCrafterBlockEntity/]: Ammo crafter craft attempt at BlockPos{x=11, y=-60, z=-2} ammoId=tacz:556x45 loadedRuleCount=3 loadedAmmoIds=[tacz:45acp, tacz:556x45, tacz:762x39] foundRule=true outputCount=45 outputEmpty=false ingredientsSufficient=false outputCanFit=true result=missing_ingredients
[275月2026 19:11:17.382] [Server thread/INFO] [com.yourammocrafter.blockentity.AmmoCrafterBlockEntity/]: Ammo crafter missing ingredients at BlockPos{x=11, y=-60, z=-2} missing=[minecraft:barrier found=0 required=15, minecraft:barrier found=0 required=3] inputSlots=[0=minecraft:copper_ingotx64, 1=minecraft:copper_ingotx64, 2=minecraft:copper_ingotx64, 3=minecraft:gunpowderx64, 4=minecraft:gunpowderx64, 5=minecraft:gunpowderx64]
[275月2026 19:11:17.382] [Server thread/INFO] [com.yourammocrafter.blockentity.AmmoCrafterBlockEntity/]: Ammo crafter craft attempt at BlockPos{x=11, y=-60, z=-2} ammoId=tacz:556x45 loadedRuleCount=3 loadedAmmoIds=[tacz:45acp, tacz:556x45, tacz:762x39] foundRule=true outputCount=45 outputEmpty=false ingredientsSufficient=false outputCanFit=true result=missing_ingredients
[275月2026 19:11:17.882] [Server thread/INFO] [com.yourammocrafter.blockentity.AmmoCrafterBlockEntity/]: Ammo crafter missing ingredients at BlockPos{x=11, y=-60, z=-2} missing=[minecraft:barrier found=0 required=15, minecraft:barrier found=0 required=3] inputSlots=[0=minecraft:copper_ingotx64, 1=minecraft:copper_ingotx64, 2=minecraft:copper_ingotx64, 3=minecraft:gunpowderx64, 4=minecraft:gunpowderx64, 5=minecraft:gunpowderx64]
[275月2026 19:11:17.882] [Server thread/INFO] [com.yourammocrafter.blockentity.AmmoCrafterBlockEntity/]: Ammo crafter craft attempt at BlockPos{x=11, y=-60, z=-2} ammoId=tacz:556x45 loadedRuleCount=3 loadedAmmoIds=[tacz:45acp, tacz:556x45, tacz:762x39] foundRule=true outputCount=45 outputEmpty=false ingredientsSufficient=false outputCanFit=true result=missing_ingredients
[275月2026 19:11:18.383] [Server thread/INFO] [com.yourammocrafter.blockentity.AmmoCrafterBlockEntity/]: Ammo crafter missing ingredients at BlockPos{x=11, y=-60, z=-2} missing=[minecraft:barrier found=0 required=15, minecraft:barrier found=0 required=3] inputSlots=[0=minecraft:copper_ingotx64, 1=minecraft:copper_ingotx64, 2=minecraft:copper_ingotx64, 3=minecraft:gunpowderx64, 4=minecraft:gunpowderx64, 5=minecraft:gunpowderx64]
[275月2026 19:11:18.383] [Server thread/INFO] [com.yourammocrafter.blockentity.AmmoCrafterBlockEntity/]: Ammo crafter craft attempt at BlockPos{x=11, y=-60, z=-2} ammoId=tacz:556x45 loadedRuleCount=3 loadedAmmoIds=[tacz:45acp, tacz:556x45, tacz:762x39] foundRule=true outputCount=45 outputEmpty=false ingredientsSufficient=false outputCanFit=true result=missing_ingredients
[275月2026 19:11:18.882] [Server thread/INFO] [com.yourammocrafter.blockentity.AmmoCrafterBlockEntity/]: Ammo crafter missing ingredients at BlockPos{x=11, y=-60, z=-2} missing=[minecraft:barrier found=0 required=15, minecraft:barrier found=0 required=3] inputSlots=[0=minecraft:copper_ingotx64, 1=minecraft:copper_ingotx64, 2=minecraft:copper_ingotx64, 3=minecraft:gunpowderx64, 4=minecraft:gunpowderx64, 5=minecraft:gunpowderx64]
[275月2026 19:11:18.882] [Server thread/INFO] [com.yourammocrafter.blockentity.AmmoCrafterBlockEntity/]: Ammo crafter craft attempt at BlockPos{x=11, y=-60, z=-2} ammoId=tacz:556x45 loadedRuleCount=3 loadedAmmoIds=[tacz:45acp, tacz:556x45, tacz:762x39] foundRule=true outputCount=45 outputEmpty=false ingredientsSufficient=false outputCanFit=true result=missing_ingredients
[275月2026 19:11:19.382] [Server thread/INFO] [com.yourammocrafter.blockentity.AmmoCrafterBlockEntity/]: Ammo crafter missing ingredients at BlockPos{x=11, y=-60, z=-2} missing=[minecraft:barrier found=0 required=15, minecraft:barrier found=0 required=3] inputSlots=[0=minecraft:copper_ingotx64, 1=minecraft:copper_ingotx64, 2=minecraft:copper_ingotx64, 3=minecraft:gunpowderx64, 4=minecraft:gunpowderx64, 5=minecraft:gunpowderx64]
[275月2026 19:11:19.383] [Server thread/INFO] [com.yourammocrafter.blockentity.AmmoCrafterBlockEntity/]: Ammo crafter craft attempt at BlockPos{x=11, y=-60, z=-2} ammoId=tacz:556x45 loadedRuleCount=3 loadedAmmoIds=[tacz:45acp, tacz:556x45, tacz:762x39] foundRule=true outputCount=45 outputEmpty=false ingredientsSufficient=false outputCanFit=true result=missing_ingredients
[275月2026 19:11:19.883] [Server thread/INFO] [com.yourammocrafter.blockentity.AmmoCrafterBlockEntity/]: Ammo crafter missing ingredients at BlockPos{x=11, y=-60, z=-2} missing=[minecraft:barrier found=0 required=15, minecraft:barrier found=0 required=3] inputSlots=[0=minecraft:copper_ingotx64, 1=minecraft:copper_ingotx64, 2=minecraft:copper_ingotx64, 3=minecraft:gunpowderx64, 4=minecraft:gunpowderx64, 5=minecraft:gunpowderx64]
[275月2026 19:11:19.884] [Server thread/INFO] [com.yourammocrafter.blockentity.AmmoCrafterBlockEntity/]: Ammo crafter craft attempt at BlockPos{x=11, y=-60, z=-2} ammoId=tacz:556x45 loadedRuleCount=3 loadedAmmoIds=[tacz:45acp, tacz:556x45, tacz:762x39] foundRule=true outputCount=45 outputEmpty=false ingredientsSufficient=false outputCanFit=true result=missing_ingredients
[275月2026 19:11:20.382] [Server thread/INFO] [com.yourammocrafter.blockentity.AmmoCrafterBlockEntity/]: Ammo crafter missing ingredients at BlockPos{x=11, y=-60, z=-2} missing=[minecraft:barrier found=0 required=15, minecraft:barrier found=0 required=3] inputSlots=[0=minecraft:copper_ingotx64, 1=minecraft:copper_ingotx64, 2=minecraft:copper_ingotx64, 3=minecraft:gunpowderx64, 4=minecraft:gunpowderx64, 5=minecraft:gunpowderx64]
[275月2026 19:11:20.383] [Server thread/INFO] [com.yourammocrafter.blockentity.AmmoCrafterBlockEntity/]: Ammo crafter craft attempt at BlockPos{x=11, y=-60, z=-2} ammoId=tacz:556x45 loadedRuleCount=3 loadedAmmoIds=[tacz:45acp, tacz:556x45, tacz:762x39] foundRule=true outputCount=45 outputEmpty=false ingredientsSufficient=false outputCanFit=true result=missing_ingredients
[275月2026 19:11:20.781] [Server thread/INFO] [net.minecraft.client.server.IntegratedServer/]: Saving and pausing game...
[275月2026 19:11:20.789] [Server thread/INFO] [net.minecraft.server.MinecraftServer/]: Saving chunks for level 'ServerLevel[新的世界]'/minecraft:overworld
[275月2026 19:11:20.802] [Server thread/INFO] [net.minecraft.server.MinecraftServer/]: Saving chunks for level 'ServerLevel[新的世界]'/minecraft:the_end
[275月2026 19:11:20.813] [Server thread/INFO] [net.minecraft.server.MinecraftServer/]: Saving chunks for level 'ServerLevel[新的世界]'/minecraft:the_nether
[275月2026 19:11:30.332] [Server thread/INFO] [com.yourammocrafter.blockentity.AmmoCrafterBlockEntity/]: Ammo crafter missing ingredients at BlockPos{x=11, y=-60, z=-2} missing=[minecraft:barrier found=0 required=15, minecraft:barrier found=0 required=3] inputSlots=[0=minecraft:copper_ingotx64, 1=minecraft:copper_ingotx64, 2=minecraft:copper_ingotx64, 3=minecraft:gunpowderx64, 4=minecraft:gunpowderx64, 5=minecraft:gunpowderx64]
[275月2026 19:11:30.333] [Server thread/INFO] [com.yourammocrafter.blockentity.AmmoCrafterBlockEntity/]: Ammo crafter craft attempt at BlockPos{x=11, y=-60, z=-2} ammoId=tacz:556x45 loadedRuleCount=3 loadedAmmoIds=[tacz:45acp, tacz:556x45, tacz:762x39] foundRule=true outputCount=45 outputEmpty=false ingredientsSufficient=false outputCanFit=true result=missing_ingredients
[275月2026 19:11:30.833] [Server thread/INFO] [com.yourammocrafter.blockentity.AmmoCrafterBlockEntity/]: Ammo crafter missing ingredients at BlockPos{x=11, y=-60, z=-2} missing=[minecraft:barrier found=0 required=15, minecraft:barrier found=0 required=3] inputSlots=[0=minecraft:copper_ingotx64, 1=minecraft:copper_ingotx64, 2=minecraft:copper_ingotx64, 3=minecraft:gunpowderx64, 4=minecraft:gunpowderx64, 5=minecraft:gunpowderx64]
[275月2026 19:11:30.833] [Server thread/INFO] [com.yourammocrafter.blockentity.AmmoCrafterBlockEntity/]: Ammo crafter craft attempt at BlockPos{x=11, y=-60, z=-2} ammoId=tacz:556x45 loadedRuleCount=3 loadedAmmoIds=[tacz:45acp, tacz:556x45, tacz:762x39] foundRule=true outputCount=45 outputEmpty=false ingredientsSufficient=false outputCanFit=true result=missing_ingredients
[275月2026 19:11:31.332] [Server thread/INFO] [com.yourammocrafter.blockentity.AmmoCrafterBlockEntity/]: Ammo crafter missing ingredients at BlockPos{x=11, y=-60, z=-2} missing=[minecraft:barrier found=0 required=15, minecraft:barrier found=0 required=3] inputSlots=[0=minecraft:copper_ingotx64, 1=minecraft:copper_ingotx64, 2=minecraft:copper_ingotx64, 3=minecraft:gunpowderx64, 4=minecraft:gunpowderx64, 5=minecraft:gunpowderx64]
[275月2026 19:11:31.332] [Server thread/INFO] [com.yourammocrafter.blockentity.AmmoCrafterBlockEntity/]: Ammo crafter craft attempt at BlockPos{x=11, y=-60, z=-2} ammoId=tacz:556x45 loadedRuleCount=3 loadedAmmoIds=[tacz:45acp, tacz:556x45, tacz:762x39] foundRule=true outputCount=45 outputEmpty=false ingredientsSufficient=false outputCanFit=true result=missing_ingredients
[275月2026 19:11:32.381] [Server thread/INFO] [com.yourammocrafter.blockentity.AmmoCrafterBlockEntity/]: Ammo crafter missing ingredients at BlockPos{x=11, y=-60, z=-2} missing=[minecraft:barrier found=0 required=15, minecraft:barrier found=0 required=3] inputSlots=[0=minecraft:copper_ingotx64, 1=minecraft:copper_ingotx64, 2=minecraft:copper_ingotx64, 3=minecraft:gunpowderx64, 4=minecraft:gunpowderx64, 5=minecraft:gunpowderx64]
[275月2026 19:11:32.382] [Server thread/INFO] [com.yourammocrafter.blockentity.AmmoCrafterBlockEntity/]: Ammo crafter craft attempt at BlockPos{x=11, y=-60, z=-2} ammoId=tacz:556x45 loadedRuleCount=3 loadedAmmoIds=[tacz:45acp, tacz:556x45, tacz:762x39] foundRule=true outputCount=45 outputEmpty=false ingredientsSufficient=false outputCanFit=true result=missing_ingredients
[275月2026 19:11:32.883] [Server thread/INFO] [com.yourammocrafter.blockentity.AmmoCrafterBlockEntity/]: Ammo crafter missing ingredients at BlockPos{x=11, y=-60, z=-2} missing=[minecraft:barrier found=0 required=15, minecraft:barrier found=0 required=3] inputSlots=[0=minecraft:copper_ingotx64, 1=minecraft:copper_ingotx64, 2=minecraft:copper_ingotx64, 3=minecraft:gunpowderx64, 4=minecraft:gunpowderx64, 5=minecraft:gunpowderx64]
[275月2026 19:11:32.883] [Server thread/INFO] [com.yourammocrafter.blockentity.AmmoCrafterBlockEntity/]: Ammo crafter craft attempt at BlockPos{x=11, y=-60, z=-2} ammoId=tacz:556x45 loadedRuleCount=3 loadedAmmoIds=[tacz:45acp, tacz:556x45, tacz:762x39] foundRule=true outputCount=45 outputEmpty=false ingredientsSufficient=false outputCanFit=true result=missing_ingredients
[275月2026 19:11:33.385] [Server thread/INFO] [com.yourammocrafter.blockentity.AmmoCrafterBlockEntity/]: Ammo crafter missing ingredients at BlockPos{x=11, y=-60, z=-2} missing=[minecraft:barrier found=0 required=15, minecraft:barrier found=0 required=3] inputSlots=[0=minecraft:copper_ingotx64, 1=minecraft:copper_ingotx64, 2=minecraft:copper_ingotx64, 3=minecraft:gunpowderx64, 4=minecraft:gunpowderx64, 5=minecraft:gunpowderx64]
[275月2026 19:11:33.385] [Server thread/INFO] [com.yourammocrafter.blockentity.AmmoCrafterBlockEntity/]: Ammo crafter craft attempt at BlockPos{x=11, y=-60, z=-2} ammoId=tacz:556x45 loadedRuleCount=3 loadedAmmoIds=[tacz:45acp, tacz:556x45, tacz:762x39] foundRule=true outputCount=45 outputEmpty=false ingredientsSufficient=false outputCanFit=true result=missing_ingredients
[275月2026 19:11:33.883] [Server thread/INFO] [com.yourammocrafter.blockentity.AmmoCrafterBlockEntity/]: Ammo crafter missing ingredients at BlockPos{x=11, y=-60, z=-2} missing=[minecraft:barrier found=0 required=15, minecraft:barrier found=0 required=3] inputSlots=[0=minecraft:copper_ingotx64, 1=minecraft:copper_ingotx64, 2=minecraft:copper_ingotx64, 3=minecraft:gunpowderx64, 4=minecraft:gunpowderx64, 5=minecraft:gunpowderx64]
[275月2026 19:11:33.883] [Server thread/INFO] [com.yourammocrafter.blockentity.AmmoCrafterBlockEntity/]: Ammo crafter craft attempt at BlockPos{x=11, y=-60, z=-2} ammoId=tacz:556x45 loadedRuleCount=3 loadedAmmoIds=[tacz:45acp, tacz:556x45, tacz:762x39] foundRule=true outputCount=45 outputEmpty=false ingredientsSufficient=false outputCanFit=true result=missing_ingredients
[275月2026 19:11:34.383] [Server thread/INFO] [com.yourammocrafter.blockentity.AmmoCrafterBlockEntity/]: Ammo crafter missing ingredients at BlockPos{x=11, y=-60, z=-2} missing=[minecraft:barrier found=0 required=15, minecraft:barrier found=0 required=3] inputSlots=[0=minecraft:copper_ingotx64, 1=minecraft:copper_ingotx64, 2=minecraft:copper_ingotx64, 3=minecraft:gunpowderx64, 4=minecraft:gunpowderx64, 5=minecraft:gunpowderx64]
[275月2026 19:11:34.384] [Server thread/INFO] [com.yourammocrafter.blockentity.AmmoCrafterBlockEntity/]: Ammo crafter craft attempt at BlockPos{x=11, y=-60, z=-2} ammoId=tacz:556x45 loadedRuleCount=3 loadedAmmoIds=[tacz:45acp, tacz:556x45, tacz:762x39] foundRule=true outputCount=45 outputEmpty=false ingredientsSufficient=false outputCanFit=true result=missing_ingredients
[275月2026 19:11:34.883] [Server thread/INFO] [com.yourammocrafter.blockentity.AmmoCrafterBlockEntity/]: Ammo crafter missing ingredients at BlockPos{x=11, y=-60, z=-2} missing=[minecraft:barrier found=0 required=15, minecraft:barrier found=0 required=3] inputSlots=[0=minecraft:copper_ingotx64, 1=minecraft:copper_ingotx64, 2=minecraft:copper_ingotx64, 3=minecraft:gunpowderx64, 4=minecraft:gunpowderx64, 5=minecraft:gunpowderx64]
[275月2026 19:11:34.883] [Server thread/INFO] [com.yourammocrafter.blockentity.AmmoCrafterBlockEntity/]: Ammo crafter craft attempt at BlockPos{x=11, y=-60, z=-2} ammoId=tacz:556x45 loadedRuleCount=3 loadedAmmoIds=[tacz:45acp, tacz:556x45, tacz:762x39] foundRule=true outputCount=45 outputEmpty=false ingredientsSufficient=false outputCanFit=true result=missing_ingredients
[275月2026 19:11:35.383] [Server thread/INFO] [com.yourammocrafter.blockentity.AmmoCrafterBlockEntity/]: Ammo crafter missing ingredients at BlockPos{x=11, y=-60, z=-2} missing=[minecraft:barrier found=0 required=15, minecraft:barrier found=0 required=3] inputSlots=[0=minecraft:copper_ingotx64, 1=minecraft:copper_ingotx64, 2=minecraft:copper_ingotx64, 3=minecraft:gunpowderx64, 4=minecraft:gunpowderx64, 5=minecraft:gunpowderx64]
[275月2026 19:11:35.383] [Server thread/INFO] [com.yourammocrafter.blockentity.AmmoCrafterBlockEntity/]: Ammo crafter craft attempt at BlockPos{x=11, y=-60, z=-2} ammoId=tacz:556x45 loadedRuleCount=3 loadedAmmoIds=[tacz:45acp, tacz:556x45, tacz:762x39] foundRule=true outputCount=45 outputEmpty=false ingredientsSufficient=false outputCanFit=true result=missing_ingredients
[275月2026 19:11:35.883] [Server thread/INFO] [com.yourammocrafter.blockentity.AmmoCrafterBlockEntity/]: Ammo crafter missing ingredients at BlockPos{x=11, y=-60, z=-2} missing=[minecraft:barrier found=0 required=15, minecraft:barrier found=0 required=3] inputSlots=[0=minecraft:copper_ingotx64, 1=minecraft:copper_ingotx64, 2=minecraft:copper_ingotx64, 3=minecraft:gunpowderx64, 4=minecraft:gunpowderx64, 5=minecraft:gunpowderx64]
[275月2026 19:11:35.883] [Server thread/INFO] [com.yourammocrafter.blockentity.AmmoCrafterBlockEntity/]: Ammo crafter craft attempt at BlockPos{x=11, y=-60, z=-2} ammoId=tacz:556x45 loadedRuleCount=3 loadedAmmoIds=[tacz:45acp, tacz:556x45, tacz:762x39] foundRule=true outputCount=45 outputEmpty=false ingredientsSufficient=false outputCanFit=true result=missing_ingredients
[275月2026 19:11:36.383] [Server thread/INFO] [com.yourammocrafter.blockentity.AmmoCrafterBlockEntity/]: Ammo crafter missing ingredients at BlockPos{x=11, y=-60, z=-2} missing=[minecraft:barrier found=0 required=15, minecraft:barrier found=0 required=3] inputSlots=[0=minecraft:copper_ingotx64, 1=minecraft:copper_ingotx64, 2=minecraft:copper_ingotx64, 3=minecraft:gunpowderx64, 4=minecraft:gunpowderx64, 5=minecraft:gunpowderx64]
[275月2026 19:11:36.383] [Server thread/INFO] [com.yourammocrafter.blockentity.AmmoCrafterBlockEntity/]: Ammo crafter craft attempt at BlockPos{x=11, y=-60, z=-2} ammoId=tacz:556x45 loadedRuleCount=3 loadedAmmoIds=[tacz:45acp, tacz:556x45, tacz:762x39] foundRule=true outputCount=45 outputEmpty=false ingredientsSufficient=false outputCanFit=true result=missing_ingredients
[275月2026 19:11:36.882] [Server thread/INFO] [com.yourammocrafter.blockentity.AmmoCrafterBlockEntity/]: Ammo crafter craft attempt at BlockPos{x=11, y=-60, z=-2} failed=no_template loadedRuleCount=3 loadedAmmoIds=[tacz:45acp, tacz:556x45, tacz:762x39]
[275月2026 19:11:37.383] [Server thread/INFO] [com.yourammocrafter.blockentity.AmmoCrafterBlockEntity/]: Ammo crafter craft attempt at BlockPos{x=11, y=-60, z=-2} failed=no_template loadedRuleCount=3 loadedAmmoIds=[tacz:45acp, tacz:556x45, tacz:762x39]
[275月2026 19:11:37.884] [Server thread/INFO] [com.yourammocrafter.blockentity.AmmoCrafterBlockEntity/]: Ammo crafter craft attempt at BlockPos{x=11, y=-60, z=-2} failed=no_template loadedRuleCount=3 loadedAmmoIds=[tacz:45acp, tacz:556x45, tacz:762x39]
[275月2026 19:11:38.383] [Server thread/INFO] [com.yourammocrafter.blockentity.AmmoCrafterBlockEntity/]: Ammo crafter craft attempt at BlockPos{x=11, y=-60, z=-2} failed=no_template loadedRuleCount=3 loadedAmmoIds=[tacz:45acp, tacz:556x45, tacz:762x39]
[275月2026 19:11:38.883] [Server thread/INFO] [com.yourammocrafter.blockentity.AmmoCrafterBlockEntity/]: Ammo crafter missing ingredients at BlockPos{x=11, y=-60, z=-2} missing=[minecraft:barrier found=0 required=15, minecraft:barrier found=0 required=3] inputSlots=[0=minecraft:copper_ingotx64, 1=minecraft:copper_ingotx64, 2=minecraft:copper_ingotx64, 3=minecraft:gunpowderx64, 4=minecraft:gunpowderx64, 5=minecraft:gunpowderx64]
[275月2026 19:11:38.883] [Server thread/INFO] [com.yourammocrafter.blockentity.AmmoCrafterBlockEntity/]: Ammo crafter craft attempt at BlockPos{x=11, y=-60, z=-2} ammoId=tacz:556x45 loadedRuleCount=3 loadedAmmoIds=[tacz:45acp, tacz:556x45, tacz:762x39] foundRule=true outputCount=45 outputEmpty=false ingredientsSufficient=false outputCanFit=true result=missing_ingredients
[275月2026 19:11:39.383] [Server thread/INFO] [com.yourammocrafter.blockentity.AmmoCrafterBlockEntity/]: Ammo crafter missing ingredients at BlockPos{x=11, y=-60, z=-2} missing=[minecraft:barrier found=0 required=15, minecraft:barrier found=0 required=3] inputSlots=[0=minecraft:copper_ingotx64, 1=minecraft:copper_ingotx64, 2=minecraft:copper_ingotx64, 3=minecraft:gunpowderx64, 4=minecraft:gunpowderx64, 5=minecraft:gunpowderx64]
[275月2026 19:11:39.383] [Server thread/INFO] [com.yourammocrafter.blockentity.AmmoCrafterBlockEntity/]: Ammo crafter craft attempt at BlockPos{x=11, y=-60, z=-2} ammoId=tacz:556x45 loadedRuleCount=3 loadedAmmoIds=[tacz:45acp, tacz:556x45, tacz:762x39] foundRule=true outputCount=45 outputEmpty=false ingredientsSufficient=false outputCanFit=true result=missing_ingredients
[275月2026 19:11:39.882] [Server thread/INFO] [com.yourammocrafter.blockentity.AmmoCrafterBlockEntity/]: Ammo crafter missing ingredients at BlockPos{x=11, y=-60, z=-2} missing=[minecraft:barrier found=0 required=15, minecraft:barrier found=0 required=3] inputSlots=[0=minecraft:copper_ingotx64, 1=minecraft:copper_ingotx64, 2=minecraft:copper_ingotx64, 3=minecraft:gunpowderx64, 4=minecraft:gunpowderx64, 5=minecraft:gunpowderx64]
[275月2026 19:11:39.882] [Server thread/INFO] [com.yourammocrafter.blockentity.AmmoCrafterBlockEntity/]: Ammo crafter craft attempt at BlockPos{x=11, y=-60, z=-2} ammoId=tacz:556x45 loadedRuleCount=3 loadedAmmoIds=[tacz:45acp, tacz:556x45, tacz:762x39] foundRule=true outputCount=45 outputEmpty=false ingredientsSufficient=false outputCanFit=true result=missing_ingredients
[275月2026 19:11:40.385] [Server thread/INFO] [com.yourammocrafter.blockentity.AmmoCrafterBlockEntity/]: Ammo crafter missing ingredients at BlockPos{x=11, y=-60, z=-2} missing=[minecraft:barrier found=0 required=15, minecraft:barrier found=0 required=3] inputSlots=[0=minecraft:copper_ingotx64, 1=minecraft:copper_ingotx64, 2=minecraft:copper_ingotx64, 3=minecraft:gunpowderx64, 4=minecraft:gunpowderx64, 5=minecraft:gunpowderx64]
[275月2026 19:11:40.385] [Server thread/INFO] [com.yourammocrafter.blockentity.AmmoCrafterBlockEntity/]: Ammo crafter craft attempt at BlockPos{x=11, y=-60, z=-2} ammoId=tacz:556x45 loadedRuleCount=3 loadedAmmoIds=[tacz:45acp, tacz:556x45, tacz:762x39] foundRule=true outputCount=45 outputEmpty=false ingredientsSufficient=false outputCanFit=true result=missing_ingredients
[275月2026 19:11:40.882] [Server thread/INFO] [com.yourammocrafter.blockentity.AmmoCrafterBlockEntity/]: Ammo crafter missing ingredients at BlockPos{x=11, y=-60, z=-2} missing=[minecraft:barrier found=0 required=15, minecraft:barrier found=0 required=3] inputSlots=[0=minecraft:copper_ingotx64, 1=minecraft:copper_ingotx64, 2=minecraft:copper_ingotx64, 3=minecraft:gunpowderx64, 4=minecraft:gunpowderx64, 5=minecraft:gunpowderx64]
[275月2026 19:11:40.882] [Server thread/INFO] [com.yourammocrafter.blockentity.AmmoCrafterBlockEntity/]: Ammo crafter craft attempt at BlockPos{x=11, y=-60, z=-2} ammoId=tacz:556x45 loadedRuleCount=3 loadedAmmoIds=[tacz:45acp, tacz:556x45, tacz:762x39] foundRule=true outputCount=45 outputEmpty=false ingredientsSufficient=false outputCanFit=true result=missing_ingredients
[275月2026 19:11:41.384] [Server thread/INFO] [com.yourammocrafter.blockentity.AmmoCrafterBlockEntity/]: Ammo crafter missing ingredients at BlockPos{x=11, y=-60, z=-2} missing=[minecraft:barrier found=0 required=15, minecraft:barrier found=0 required=3] inputSlots=[0=minecraft:copper_ingotx64, 1=minecraft:copper_ingotx64, 2=minecraft:copper_ingotx64, 3=minecraft:gunpowderx64, 4=minecraft:gunpowderx64, 5=minecraft:gunpowderx64]
[275月2026 19:11:41.384] [Server thread/INFO] [com.yourammocrafter.blockentity.AmmoCrafterBlockEntity/]: Ammo crafter craft attempt at BlockPos{x=11, y=-60, z=-2} ammoId=tacz:556x45 loadedRuleCount=3 loadedAmmoIds=[tacz:45acp, tacz:556x45, tacz:762x39] foundRule=true outputCount=45 outputEmpty=false ingredientsSufficient=false outputCanFit=true result=missing_ingredients
[275月2026 19:11:41.883] [Server thread/INFO] [com.yourammocrafter.blockentity.AmmoCrafterBlockEntity/]: Ammo crafter missing ingredients at BlockPos{x=11, y=-60, z=-2} missing=[minecraft:barrier found=0 required=15, minecraft:barrier found=0 required=3] inputSlots=[0=minecraft:copper_ingotx64, 1=minecraft:copper_ingotx64, 2=minecraft:copper_ingotx64, 3=minecraft:gunpowderx64, 4=minecraft:gunpowderx64, 5=minecraft:gunpowderx64]
[275月2026 19:11:41.884] [Server thread/INFO] [com.yourammocrafter.blockentity.AmmoCrafterBlockEntity/]: Ammo crafter craft attempt at BlockPos{x=11, y=-60, z=-2} ammoId=tacz:556x45 loadedRuleCount=3 loadedAmmoIds=[tacz:45acp, tacz:556x45, tacz:762x39] foundRule=true outputCount=45 outputEmpty=false ingredientsSufficient=false outputCanFit=true result=missing_ingredients
[275月2026 19:11:42.384] [Server thread/INFO] [com.yourammocrafter.blockentity.AmmoCrafterBlockEntity/]: Ammo crafter missing ingredients at BlockPos{x=11, y=-60, z=-2} missing=[minecraft:barrier found=0 required=15, minecraft:barrier found=0 required=3] inputSlots=[0=minecraft:copper_ingotx64, 1=minecraft:copper_ingotx64, 2=minecraft:copper_ingotx64, 3=minecraft:gunpowderx64, 4=minecraft:gunpowderx64, 5=minecraft:gunpowderx64]
[275月2026 19:11:42.384] [Server thread/INFO] [com.yourammocrafter.blockentity.AmmoCrafterBlockEntity/]: Ammo crafter craft attempt at BlockPos{x=11, y=-60, z=-2} ammoId=tacz:556x45 loadedRuleCount=3 loadedAmmoIds=[tacz:45acp, tacz:556x45, tacz:762x39] foundRule=true outputCount=45 outputEmpty=false ingredientsSufficient=false outputCanFit=true result=missing_ingredients
[275月2026 19:11:43.534] [Server thread/INFO] [com.yourammocrafter.blockentity.AmmoCrafterBlockEntity/]: Ammo crafter missing ingredients at BlockPos{x=11, y=-60, z=-2} missing=[minecraft:barrier found=0 required=15, minecraft:barrier found=0 required=3] inputSlots=[0=minecraft:copper_ingotx64, 1=minecraft:copper_ingotx64, 2=minecraft:copper_ingotx64, 3=minecraft:gunpowderx64, 4=minecraft:gunpowderx64, 5=minecraft:gunpowderx64]
[275月2026 19:11:43.534] [Server thread/INFO] [com.yourammocrafter.blockentity.AmmoCrafterBlockEntity/]: Ammo crafter craft attempt at BlockPos{x=11, y=-60, z=-2} ammoId=tacz:556x45 loadedRuleCount=3 loadedAmmoIds=[tacz:45acp, tacz:556x45, tacz:762x39] foundRule=true outputCount=45 outputEmpty=false ingredientsSufficient=false outputCanFit=true result=missing_ingredients
[275月2026 19:11:44.033] [Server thread/INFO] [com.yourammocrafter.blockentity.AmmoCrafterBlockEntity/]: Ammo crafter missing ingredients at BlockPos{x=11, y=-60, z=-2} missing=[minecraft:barrier found=0 required=15, minecraft:barrier found=0 required=3] inputSlots=[0=minecraft:copper_ingotx64, 1=minecraft:copper_ingotx64, 2=minecraft:copper_ingotx64, 3=minecraft:gunpowderx64, 4=minecraft:gunpowderx64, 5=minecraft:gunpowderx64]
[275月2026 19:11:44.033] [Server thread/INFO] [com.yourammocrafter.blockentity.AmmoCrafterBlockEntity/]: Ammo crafter craft attempt at BlockPos{x=11, y=-60, z=-2} ammoId=tacz:556x45 loadedRuleCount=3 loadedAmmoIds=[tacz:45acp, tacz:556x45, tacz:762x39] foundRule=true outputCount=45 outputEmpty=false ingredientsSufficient=false outputCanFit=true result=missing_ingredients
[275月2026 19:11:44.179] [Server thread/INFO] [net.minecraft.client.server.IntegratedServer/]: Saving and pausing game...
[275月2026 19:11:44.196] [Server thread/INFO] [net.minecraft.server.MinecraftServer/]: Saving chunks for level 'ServerLevel[新的世界]'/minecraft:overworld
[275月2026 19:11:44.255] [Server thread/INFO] [net.minecraft.server.MinecraftServer/]: Saving chunks for level 'ServerLevel[新的世界]'/minecraft:the_end
[275月2026 19:11:44.267] [Server thread/INFO] [net.minecraft.server.MinecraftServer/]: Saving chunks for level 'ServerLevel[新的世界]'/minecraft:the_nether
[275月2026 19:11:44.884] [Server thread/INFO] [net.minecraft.server.network.ServerGamePacketListenerImpl/]: Dev lost connection: 连接中断
[275月2026 19:11:44.884] [Server thread/INFO] [net.minecraft.server.MinecraftServer/]: Dev退出了游戏
[275月2026 19:11:44.898] [Server thread/INFO] [net.minecraft.server.network.ServerCommonPacketListenerImpl/]: Stopping singleplayer server as player logged out
[275月2026 19:11:44.949] [Server thread/INFO] [net.minecraft.server.MinecraftServer/]: Stopping server
[275月2026 19:11:44.951] [Server thread/INFO] [net.minecraft.server.MinecraftServer/]: Saving players
[275月2026 19:11:44.951] [Server thread/INFO] [net.minecraft.server.MinecraftServer/]: Saving worlds
[275月2026 19:11:45.052] [Server thread/INFO] [net.minecraft.server.MinecraftServer/]: Saving chunks for level 'ServerLevel[新的世界]'/minecraft:overworld
[275月2026 19:11:45.094] [Server thread/INFO] [net.minecraft.server.MinecraftServer/]: Saving chunks for level 'ServerLevel[新的世界]'/minecraft:the_end
[275月2026 19:11:45.100] [Server thread/INFO] [net.minecraft.server.MinecraftServer/]: Saving chunks for level 'ServerLevel[新的世界]'/minecraft:the_nether
[275月2026 19:11:45.112] [Server thread/INFO] [net.minecraft.server.MinecraftServer/]: ThreadedAnvilChunkStorage (新的世界): All chunks are saved
[275月2026 19:11:45.113] [Server thread/INFO] [net.minecraft.server.MinecraftServer/]: ThreadedAnvilChunkStorage (DIM1): All chunks are saved
[275月2026 19:11:45.113] [Server thread/INFO] [net.minecraft.server.MinecraftServer/]: ThreadedAnvilChunkStorage (DIM-1): All chunks are saved
[275月2026 19:11:45.113] [Server thread/INFO] [net.minecraft.server.MinecraftServer/]: ThreadedAnvilChunkStorage: All dimensions are saved
[275月2026 19:11:45.732] [Render thread/INFO] [net.minecraft.client.Minecraft/]: Stopping!
